// Jest Snapshot v1, https://goo.gl/fbAQLP

exports[`ErrorBox tests Matches snapshot 1`] = `ShallowWrapper {}`;
