// Jest Snapshot v1, https://goo.gl/fbAQLP

exports[`DMDateNav tests Matches snapshot 1`] = `
ShallowWrapper {
  Symbol(enzyme.__root__): [Circular],
  Symbol(enzyme.__unrendered__): <DMDateNav
    date="01-01-0101"
  />,
  Symbol(enzyme.__renderer__): Object {
    "batchedUpdates": [Function],
    "checkPropTypes": [Function],
    "getNode": [Function],
    "render": [Function],
    "simulateError": [Function],
    "simulateEvent": [Function],
    "unmount": [Function],
  },
  Symbol(enzyme.__node__): Object {
    "instance": null,
    "key": undefined,
    "nodeType": "host",
    "props": Object {
      "children": Array [
        <button
          className="f6 dim ph3 pv2 mb2 dib white bg-black pointer"
          value="-1"
        >
          Previous
        </button>,
        <p
          className="f3"
        >
          01-01-0101
        </p>,
        <button
          className="f6 dim ph3 pv2 mb2 dib white bg-black pointer"
          value="1"
        >
          Next
        </button>,
      ],
      "className": "dateContainer",
    },
    "ref": null,
    "rendered": Array [
      Object {
        "instance": null,
        "key": undefined,
        "nodeType": "host",
        "props": Object {
          "children": "Previous",
          "className": "f6 dim ph3 pv2 mb2 dib white bg-black pointer",
          "onClick": undefined,
          "value": "-1",
        },
        "ref": null,
        "rendered": "Previous",
        "type": "button",
      },
      Object {
        "instance": null,
        "key": undefined,
        "nodeType": "host",
        "props": Object {
          "children": "01-01-0101",
          "className": "f3",
        },
        "ref": null,
        "rendered": "01-01-0101",
        "type": "p",
      },
      Object {
        "instance": null,
        "key": undefined,
        "nodeType": "host",
        "props": Object {
          "children": "Next",
          "className": "f6 dim ph3 pv2 mb2 dib white bg-black pointer",
          "onClick": undefined,
          "value": "1",
        },
        "ref": null,
        "rendered": "Next",
        "type": "button",
      },
    ],
    "type": "div",
  },
  Symbol(enzyme.__nodes__): Array [
    Object {
      "instance": null,
      "key": undefined,
      "nodeType": "host",
      "props": Object {
        "children": Array [
          <button
            className="f6 dim ph3 pv2 mb2 dib white bg-black pointer"
            value="-1"
          >
            Previous
          </button>,
          <p
            className="f3"
          >
            01-01-0101
          </p>,
          <button
            className="f6 dim ph3 pv2 mb2 dib white bg-black pointer"
            value="1"
          >
            Next
          </button>,
        ],
        "className": "dateContainer",
      },
      "ref": null,
      "rendered": Array [
        Object {
          "instance": null,
          "key": undefined,
          "nodeType": "host",
          "props": Object {
            "children": "Previous",
            "className": "f6 dim ph3 pv2 mb2 dib white bg-black pointer",
            "onClick": undefined,
            "value": "-1",
          },
          "ref": null,
          "rendered": "Previous",
          "type": "button",
        },
        Object {
          "instance": null,
          "key": undefined,
          "nodeType": "host",
          "props": Object {
            "children": "01-01-0101",
            "className": "f3",
          },
          "ref": null,
          "rendered": "01-01-0101",
          "type": "p",
        },
        Object {
          "instance": null,
          "key": undefined,
          "nodeType": "host",
          "props": Object {
            "children": "Next",
            "className": "f6 dim ph3 pv2 mb2 dib white bg-black pointer",
            "onClick": undefined,
            "value": "1",
          },
          "ref": null,
          "rendered": "Next",
          "type": "button",
        },
      ],
      "type": "div",
    },
  ],
  Symbol(enzyme.__options__): Object {
    "adapter": ReactSixteenAdapter {
      "options": Object {
        "enableComponentDidUpdateOnSetState": true,
        "legacyContextMode": "parent",
        "lifecycles": Object {
          "componentDidUpdate": Object {
            "onSetState": true,
          },
          "getChildContext": Object {
            "calledByRenderer": false,
          },
          "getDerivedStateFromError": true,
          "getDerivedStateFromProps": Object {
            "hasShouldComponentUpdateBug": false,
          },
          "getSnapshotBeforeUpdate": true,
          "setState": Object {
            "skipsComponentDidUpdateOnNullish": true,
          },
        },
      },
    },
  },
}
`;
