// Jest Snapshot v1, https://goo.gl/fbAQLP

exports[`Navbar tests matches snapshot 1`] = `ShallowWrapper {}`;
