// Jest Snapshot v1, https://goo.gl/fbAQLP

exports[`DisplayLabeledText tests Matches snapshot 1`] = `ShallowWrapper {}`;
