// Jest Snapshot v1, https://goo.gl/fbAQLP

exports[`RegisterForm tests matches snapshot 1`] = `ShallowWrapper {}`;
