// Jest Snapshot v1, https://goo.gl/fbAQLP

exports[`SignInForm tests matches snapshot 1`] = `ShallowWrapper {}`;
