// Jest Snapshot v1, https://goo.gl/fbAQLP

exports[`ClickableIcon tests Matches snapshot 1`] = `ShallowWrapper {}`;
