// Jest Snapshot v1, https://goo.gl/fbAQLP

exports[`PHQ9 tests renders PHQ9 snapshot correctly 1`] = `ShallowWrapper {}`;
