// Jest Snapshot v1, https://goo.gl/fbAQLP

exports[`AddSkill tests matches snapshot 1`] = `ReactWrapper {}`;
