// Jest Snapshot v1, https://goo.gl/fbAQLP

exports[`InputField tests Matches snapshot 1`] = `
ShallowWrapper {
  Symbol(enzyme.__root__): [Circular],
  Symbol(enzyme.__unrendered__): <InputField
    onClick={[MockFunction]}
    placeholder="test"
  />,
  Symbol(enzyme.__renderer__): Object {
    "batchedUpdates": [Function],
    "checkPropTypes": [Function],
    "getNode": [Function],
    "render": [Function],
    "simulateError": [Function],
    "simulateEvent": [Function],
    "unmount": [Function],
  },
  Symbol(enzyme.__node__): Object {
    "instance": null,
    "key": undefined,
    "nodeType": "host",
    "props": Object {
      "children": Array [
        <input
          aria-label="New task text input"
          className="InputField"
          id="newtask"
          label="New task text input"
          placeholder="test"
          type="text"
        />,
        <button
          className="AddTaskButton"
          onClick={[Function]}
          value="add_task"
        >
          Add New Task
        </button>,
      ],
      "className": "InputContainer",
    },
    "ref": null,
    "rendered": Array [
      Object {
        "instance": null,
        "key": undefined,
        "nodeType": "host",
        "props": Object {
          "aria-label": "New task text input",
          "className": "InputField",
          "id": "newtask",
          "label": "New task text input",
          "placeholder": "test",
          "type": "text",
        },
        "ref": Object {
          "current": null,
        },
        "rendered": null,
        "type": "input",
      },
      Object {
        "instance": null,
        "key": undefined,
        "nodeType": "host",
        "props": Object {
          "children": "Add New Task",
          "className": "AddTaskButton",
          "onClick": [Function],
          "value": "add_task",
        },
        "ref": null,
        "rendered": "Add New Task",
        "type": "button",
      },
    ],
    "type": "div",
  },
  Symbol(enzyme.__nodes__): Array [
    Object {
      "instance": null,
      "key": undefined,
      "nodeType": "host",
      "props": Object {
        "children": Array [
          <input
            aria-label="New task text input"
            className="InputField"
            id="newtask"
            label="New task text input"
            placeholder="test"
            type="text"
          />,
          <button
            className="AddTaskButton"
            onClick={[Function]}
            value="add_task"
          >
            Add New Task
          </button>,
        ],
        "className": "InputContainer",
      },
      "ref": null,
      "rendered": Array [
        Object {
          "instance": null,
          "key": undefined,
          "nodeType": "host",
          "props": Object {
            "aria-label": "New task text input",
            "className": "InputField",
            "id": "newtask",
            "label": "New task text input",
            "placeholder": "test",
            "type": "text",
          },
          "ref": Object {
            "current": null,
          },
          "rendered": null,
          "type": "input",
        },
        Object {
          "instance": null,
          "key": undefined,
          "nodeType": "host",
          "props": Object {
            "children": "Add New Task",
            "className": "AddTaskButton",
            "onClick": [Function],
            "value": "add_task",
          },
          "ref": null,
          "rendered": "Add New Task",
          "type": "button",
        },
      ],
      "type": "div",
    },
  ],
  Symbol(enzyme.__options__): Object {
    "adapter": ReactSixteenAdapter {
      "options": Object {
        "enableComponentDidUpdateOnSetState": true,
        "legacyContextMode": "parent",
        "lifecycles": Object {
          "componentDidUpdate": Object {
            "onSetState": true,
          },
          "getChildContext": Object {
            "calledByRenderer": false,
          },
          "getDerivedStateFromError": true,
          "getDerivedStateFromProps": Object {
            "hasShouldComponentUpdateBug": false,
          },
          "getSnapshotBeforeUpdate": true,
          "setState": Object {
            "skipsComponentDidUpdateOnNullish": true,
          },
        },
      },
    },
  },
}
`;
